[2026-06-02 17:07:59.210] [488231] [HailoRT] [info] [vdevice.cpp:523] [create] Creating vdevice with params: device_count: 1, scheduling_algorithm: ROUND_ROBIN, multi_process_service: false
[2026-06-02 17:07:59.223] [488231] [HailoRT] [info] [device.cpp:49] [Device] OS Version: Linux 6.12.47+rpt-rpi-2712 #1 SMP PREEMPT Debian 1:6.12.47-1+rpt1~bookworm (2025-09-16) aarch64
[2026-06-02 17:07:59.224] [488231] [HailoRT] [info] [control.cpp:108] [control__parse_identify_results] firmware_version is: 4.20.0
[2026-06-02 17:07:59.224] [488231] [HailoRT] [info] [vdevice.cpp:651] [create] VDevice Infos: 0001:01:00.0
[2026-06-02 17:07:59.224] [488231] [HailoRT] [error] [file_utils.cpp:40] [read_binary_file] CHECK failed - Error opening file ./models/scrfd_500m.hef!
[2026-06-02 17:07:59.224] [488231] [HailoRT] [error] [hef.cpp:525] [parse_hef_file] CHECK_SUCCESS failed with status=HAILO_OPEN_FILE_FAILURE(13)
[2026-06-02 17:07:59.224] [488231] [HailoRT] [error] [hef.cpp:1002] [Impl] Failed parsing HEF file
[2026-06-02 17:07:59.225] [488231] [HailoRT] [error] [hef.cpp:314] [create] Failed creating HEF
[2026-06-02 17:07:59.225] [488231] [HailoRT] [error] [hef.cpp:170] [create] CHECK_SUCCESS failed with status=HAILO_OPEN_FILE_FAILURE(13)
[2026-06-02 17:07:59.225] [488231] [HailoRT] [error] [infer_model.cpp:242] [create] CHECK_SUCCESS failed with status=HAILO_OPEN_FILE_FAILURE(13)
[2026-06-02 17:07:59.225] [488231] [HailoRT] [error] [vdevice.cpp:756] [create_infer_model] CHECK_SUCCESS failed with status=HAILO_OPEN_FILE_FAILURE(13)
[2026-06-02 17:09:01.314] [489476] [HailoRT] [info] [vdevice.cpp:523] [create] Creating vdevice with params: device_count: 1, scheduling_algorithm: ROUND_ROBIN, multi_process_service: false
[2026-06-02 17:09:01.326] [489476] [HailoRT] [info] [device.cpp:49] [Device] OS Version: Linux 6.12.47+rpt-rpi-2712 #1 SMP PREEMPT Debian 1:6.12.47-1+rpt1~bookworm (2025-09-16) aarch64
[2026-06-02 17:09:01.327] [489476] [HailoRT] [info] [control.cpp:108] [control__parse_identify_results] firmware_version is: 4.20.0
[2026-06-02 17:09:01.327] [489476] [HailoRT] [info] [vdevice.cpp:651] [create] VDevice Infos: 0001:01:00.0
[2026-06-02 17:09:01.327] [489476] [HailoRT] [error] [file_utils.cpp:40] [read_binary_file] CHECK failed - Error opening file ./models/scrfd_500m.hef!
[2026-06-02 17:09:01.328] [489476] [HailoRT] [error] [hef.cpp:525] [parse_hef_file] CHECK_SUCCESS failed with status=HAILO_OPEN_FILE_FAILURE(13)
[2026-06-02 17:09:01.328] [489476] [HailoRT] [error] [hef.cpp:1002] [Impl] Failed parsing HEF file
[2026-06-02 17:09:01.328] [489476] [HailoRT] [error] [hef.cpp:314] [create] Failed creating HEF
[2026-06-02 17:09:01.328] [489476] [HailoRT] [error] [hef.cpp:170] [create] CHECK_SUCCESS failed with status=HAILO_OPEN_FILE_FAILURE(13)
[2026-06-02 17:09:01.328] [489476] [HailoRT] [error] [infer_model.cpp:242] [create] CHECK_SUCCESS failed with status=HAILO_OPEN_FILE_FAILURE(13)
[2026-06-02 17:09:01.328] [489476] [HailoRT] [error] [vdevice.cpp:756] [create_infer_model] CHECK_SUCCESS failed with status=HAILO_OPEN_FILE_FAILURE(13)
[2026-06-02 17:09:32.238] [490120] [HailoRT] [info] [vdevice.cpp:523] [create] Creating vdevice with params: device_count: 1, scheduling_algorithm: ROUND_ROBIN, multi_process_service: false
[2026-06-02 17:09:32.251] [490120] [HailoRT] [info] [device.cpp:49] [Device] OS Version: Linux 6.12.47+rpt-rpi-2712 #1 SMP PREEMPT Debian 1:6.12.47-1+rpt1~bookworm (2025-09-16) aarch64
[2026-06-02 17:09:32.252] [490120] [HailoRT] [info] [control.cpp:108] [control__parse_identify_results] firmware_version is: 4.20.0
[2026-06-02 17:09:32.252] [490120] [HailoRT] [info] [vdevice.cpp:651] [create] VDevice Infos: 0001:01:00.0
[2026-06-02 17:09:32.252] [490120] [HailoRT] [error] [file_utils.cpp:40] [read_binary_file] CHECK failed - Error opening file ./models/scrfd_500m.hef!
[2026-06-02 17:09:32.252] [490120] [HailoRT] [error] [hef.cpp:525] [parse_hef_file] CHECK_SUCCESS failed with status=HAILO_OPEN_FILE_FAILURE(13)
[2026-06-02 17:09:32.252] [490120] [HailoRT] [error] [hef.cpp:1002] [Impl] Failed parsing HEF file
[2026-06-02 17:09:32.252] [490120] [HailoRT] [error] [hef.cpp:314] [create] Failed creating HEF
[2026-06-02 17:09:32.252] [490120] [HailoRT] [error] [hef.cpp:170] [create] CHECK_SUCCESS failed with status=HAILO_OPEN_FILE_FAILURE(13)
[2026-06-02 17:09:32.252] [490120] [HailoRT] [error] [infer_model.cpp:242] [create] CHECK_SUCCESS failed with status=HAILO_OPEN_FILE_FAILURE(13)
[2026-06-02 17:09:32.252] [490120] [HailoRT] [error] [vdevice.cpp:756] [create_infer_model] CHECK_SUCCESS failed with status=HAILO_OPEN_FILE_FAILURE(13)
[2026-06-02 17:11:48.129] [492885] [HailoRT] [info] [vdevice.cpp:523] [create] Creating vdevice with params: device_count: 1, scheduling_algorithm: ROUND_ROBIN, multi_process_service: false
[2026-06-02 17:11:48.142] [492885] [HailoRT] [info] [device.cpp:49] [Device] OS Version: Linux 6.12.47+rpt-rpi-2712 #1 SMP PREEMPT Debian 1:6.12.47-1+rpt1~bookworm (2025-09-16) aarch64
[2026-06-02 17:11:48.143] [492885] [HailoRT] [info] [control.cpp:108] [control__parse_identify_results] firmware_version is: 4.20.0
[2026-06-02 17:11:48.143] [492885] [HailoRT] [info] [vdevice.cpp:651] [create] VDevice Infos: 0001:01:00.0
[2026-06-02 17:11:48.143] [492885] [HailoRT] [error] [file_utils.cpp:40] [read_binary_file] CHECK failed - Error opening file /home/mandlacx/intern/Face_recognition/models/scrfd_500m.hef!
[2026-06-02 17:11:48.143] [492885] [HailoRT] [error] [hef.cpp:525] [parse_hef_file] CHECK_SUCCESS failed with status=HAILO_OPEN_FILE_FAILURE(13)
[2026-06-02 17:11:48.143] [492885] [HailoRT] [error] [hef.cpp:1002] [Impl] Failed parsing HEF file
[2026-06-02 17:11:48.143] [492885] [HailoRT] [error] [hef.cpp:314] [create] Failed creating HEF
[2026-06-02 17:11:48.143] [492885] [HailoRT] [error] [hef.cpp:170] [create] CHECK_SUCCESS failed with status=HAILO_OPEN_FILE_FAILURE(13)
[2026-06-02 17:11:48.143] [492885] [HailoRT] [error] [infer_model.cpp:242] [create] CHECK_SUCCESS failed with status=HAILO_OPEN_FILE_FAILURE(13)
[2026-06-02 17:11:48.143] [492885] [HailoRT] [error] [vdevice.cpp:756] [create_infer_model] CHECK_SUCCESS failed with status=HAILO_OPEN_FILE_FAILURE(13)
[2026-06-02 17:21:30.301] [509756] [HailoRT] [info] [vdevice.cpp:523] [create] Creating vdevice with params: device_count: 1, scheduling_algorithm: ROUND_ROBIN, multi_process_service: false
[2026-06-02 17:21:30.313] [509756] [HailoRT] [info] [device.cpp:49] [Device] OS Version: Linux 6.12.47+rpt-rpi-2712 #1 SMP PREEMPT Debian 1:6.12.47-1+rpt1~bookworm (2025-09-16) aarch64
[2026-06-02 17:21:30.315] [509756] [HailoRT] [info] [control.cpp:108] [control__parse_identify_results] firmware_version is: 4.20.0
[2026-06-02 17:21:30.315] [509756] [HailoRT] [info] [vdevice.cpp:651] [create] VDevice Infos: 0001:01:00.0
[2026-06-02 17:21:30.315] [509756] [HailoRT] [error] [file_utils.cpp:40] [read_binary_file] CHECK failed - Error opening file /home/mandlacx/intern/Face_recognition/models/scrfd_500m.hef!
[2026-06-02 17:21:30.315] [509756] [HailoRT] [error] [hef.cpp:525] [parse_hef_file] CHECK_SUCCESS failed with status=HAILO_OPEN_FILE_FAILURE(13)
[2026-06-02 17:21:30.315] [509756] [HailoRT] [error] [hef.cpp:1002] [Impl] Failed parsing HEF file
[2026-06-02 17:21:30.315] [509756] [HailoRT] [error] [hef.cpp:314] [create] Failed creating HEF
[2026-06-02 17:21:30.315] [509756] [HailoRT] [error] [hef.cpp:170] [create] CHECK_SUCCESS failed with status=HAILO_OPEN_FILE_FAILURE(13)
[2026-06-02 17:21:30.315] [509756] [HailoRT] [error] [infer_model.cpp:242] [create] CHECK_SUCCESS failed with status=HAILO_OPEN_FILE_FAILURE(13)
[2026-06-02 17:21:30.315] [509756] [HailoRT] [error] [vdevice.cpp:756] [create_infer_model] CHECK_SUCCESS failed with status=HAILO_OPEN_FILE_FAILURE(13)
[2026-06-02 17:26:50.309] [541950] [HailoRT] [info] [vdevice.cpp:523] [create] Creating vdevice with params: device_count: 1, scheduling_algorithm: ROUND_ROBIN, multi_process_service: false
[2026-06-02 17:26:50.321] [541950] [HailoRT] [info] [device.cpp:49] [Device] OS Version: Linux 6.12.47+rpt-rpi-2712 #1 SMP PREEMPT Debian 1:6.12.47-1+rpt1~bookworm (2025-09-16) aarch64
[2026-06-02 17:26:50.323] [541950] [HailoRT] [info] [control.cpp:108] [control__parse_identify_results] firmware_version is: 4.20.0
[2026-06-02 17:26:50.323] [541950] [HailoRT] [info] [vdevice.cpp:651] [create] VDevice Infos: 0001:01:00.0
[2026-06-02 17:26:50.323] [541950] [HailoRT] [error] [file_utils.cpp:40] [read_binary_file] CHECK failed - Error opening file ./models/scrfd_500m.hef!
[2026-06-02 17:26:50.323] [541950] [HailoRT] [error] [hef.cpp:525] [parse_hef_file] CHECK_SUCCESS failed with status=HAILO_OPEN_FILE_FAILURE(13)
[2026-06-02 17:26:50.323] [541950] [HailoRT] [error] [hef.cpp:1002] [Impl] Failed parsing HEF file
[2026-06-02 17:26:50.323] [541950] [HailoRT] [error] [hef.cpp:314] [create] Failed creating HEF
[2026-06-02 17:26:50.323] [541950] [HailoRT] [error] [hef.cpp:170] [create] CHECK_SUCCESS failed with status=HAILO_OPEN_FILE_FAILURE(13)
[2026-06-02 17:26:50.323] [541950] [HailoRT] [error] [infer_model.cpp:242] [create] CHECK_SUCCESS failed with status=HAILO_OPEN_FILE_FAILURE(13)
[2026-06-02 17:26:50.323] [541950] [HailoRT] [error] [vdevice.cpp:756] [create_infer_model] CHECK_SUCCESS failed with status=HAILO_OPEN_FILE_FAILURE(13)
[2026-06-02 17:27:50.972] [543197] [HailoRT] [info] [vdevice.cpp:523] [create] Creating vdevice with params: device_count: 1, scheduling_algorithm: ROUND_ROBIN, multi_process_service: false
[2026-06-02 17:27:50.983] [543197] [HailoRT] [info] [device.cpp:49] [Device] OS Version: Linux 6.12.47+rpt-rpi-2712 #1 SMP PREEMPT Debian 1:6.12.47-1+rpt1~bookworm (2025-09-16) aarch64
[2026-06-02 17:27:50.984] [543197] [HailoRT] [info] [control.cpp:108] [control__parse_identify_results] firmware_version is: 4.20.0
[2026-06-02 17:27:50.984] [543197] [HailoRT] [info] [vdevice.cpp:651] [create] VDevice Infos: 0001:01:00.0
[2026-06-02 17:27:50.984] [543197] [HailoRT] [error] [file_utils.cpp:40] [read_binary_file] CHECK failed - Error opening file /home/mandlacx/intern/Face_recognition/models/yolov11n-face.hef!
[2026-06-02 17:27:50.985] [543197] [HailoRT] [error] [hef.cpp:525] [parse_hef_file] CHECK_SUCCESS failed with status=HAILO_OPEN_FILE_FAILURE(13)
[2026-06-02 17:27:50.985] [543197] [HailoRT] [error] [hef.cpp:1002] [Impl] Failed parsing HEF file
[2026-06-02 17:27:50.985] [543197] [HailoRT] [error] [hef.cpp:314] [create] Failed creating HEF
[2026-06-02 17:27:50.985] [543197] [HailoRT] [error] [hef.cpp:170] [create] CHECK_SUCCESS failed with status=HAILO_OPEN_FILE_FAILURE(13)
[2026-06-02 17:27:50.985] [543197] [HailoRT] [error] [infer_model.cpp:242] [create] CHECK_SUCCESS failed with status=HAILO_OPEN_FILE_FAILURE(13)
[2026-06-02 17:27:50.985] [543197] [HailoRT] [error] [vdevice.cpp:756] [create_infer_model] CHECK_SUCCESS failed with status=HAILO_OPEN_FILE_FAILURE(13)
[2026-06-02 17:41:24.492] [559694] [HailoRT] [info] [vdevice.cpp:523] [create] Creating vdevice with params: device_count: 1, scheduling_algorithm: ROUND_ROBIN, multi_process_service: false
[2026-06-02 17:41:24.503] [559694] [HailoRT] [info] [device.cpp:49] [Device] OS Version: Linux 6.12.47+rpt-rpi-2712 #1 SMP PREEMPT Debian 1:6.12.47-1+rpt1~bookworm (2025-09-16) aarch64
[2026-06-02 17:41:24.504] [559694] [HailoRT] [info] [control.cpp:108] [control__parse_identify_results] firmware_version is: 4.20.0
[2026-06-02 17:41:24.504] [559694] [HailoRT] [info] [vdevice.cpp:651] [create] VDevice Infos: 0001:01:00.0
[2026-06-02 17:41:24.504] [559694] [HailoRT] [error] [file_utils.cpp:40] [read_binary_file] CHECK failed - Error opening file /home/mandlacx/intern/Face_recognition/models/yolov11n-face.hef!
[2026-06-02 17:41:24.504] [559694] [HailoRT] [error] [hef.cpp:525] [parse_hef_file] CHECK_SUCCESS failed with status=HAILO_OPEN_FILE_FAILURE(13)
[2026-06-02 17:41:24.504] [559694] [HailoRT] [error] [hef.cpp:1002] [Impl] Failed parsing HEF file
[2026-06-02 17:41:24.504] [559694] [HailoRT] [error] [hef.cpp:314] [create] Failed creating HEF
[2026-06-02 17:41:24.504] [559694] [HailoRT] [error] [hef.cpp:170] [create] CHECK_SUCCESS failed with status=HAILO_OPEN_FILE_FAILURE(13)
[2026-06-02 17:41:24.504] [559694] [HailoRT] [error] [infer_model.cpp:242] [create] CHECK_SUCCESS failed with status=HAILO_OPEN_FILE_FAILURE(13)
[2026-06-02 17:41:24.504] [559694] [HailoRT] [error] [vdevice.cpp:756] [create_infer_model] CHECK_SUCCESS failed with status=HAILO_OPEN_FILE_FAILURE(13)
[2026-06-02 17:42:05.762] [560532] [HailoRT] [info] [vdevice.cpp:523] [create] Creating vdevice with params: device_count: 1, scheduling_algorithm: ROUND_ROBIN, multi_process_service: false
[2026-06-02 17:42:05.774] [560532] [HailoRT] [info] [device.cpp:49] [Device] OS Version: Linux 6.12.47+rpt-rpi-2712 #1 SMP PREEMPT Debian 1:6.12.47-1+rpt1~bookworm (2025-09-16) aarch64
[2026-06-02 17:42:05.775] [560532] [HailoRT] [info] [control.cpp:108] [control__parse_identify_results] firmware_version is: 4.20.0
[2026-06-02 17:42:05.775] [560532] [HailoRT] [info] [vdevice.cpp:651] [create] VDevice Infos: 0001:01:00.0
[2026-06-02 17:42:05.933] [560532] [HailoRT] [info] [hef.cpp:1929] [get_network_group_and_network_name] No name was given. Addressing all networks of default network_group: best
[2026-06-02 17:42:05.933] [560532] [HailoRT] [info] [hef.cpp:1929] [get_network_group_and_network_name] No name was given. Addressing all networks of default network_group: best
[2026-06-02 17:42:05.945] [560532] [HailoRT] [info] [internal_buffer_manager.cpp:204] [print_execution_results] Planned internal buffer memory: CMA memory 0, user memory 1692672. memory to edge layer usage factor is 0.73271275
[2026-06-02 17:42:05.945] [560532] [HailoRT] [info] [internal_buffer_manager.cpp:212] [print_execution_results] Default Internal buffer planner executed successfully
[2026-06-02 17:42:05.963] [560532] [HailoRT] [info] [device_internal.cpp:57] [configure] Configuring HEF took 23.781702 milliseconds
[2026-06-02 17:42:05.963] [560532] [HailoRT] [info] [vdevice.cpp:749] [configure] Configuring HEF on VDevice took 24.069344 milliseconds
[2026-06-02 17:42:05.963] [560532] [HailoRT] [info] [infer_model.cpp:436] [configure] Configuring network group 'best' with params: batch size: 0, power mode: PERFORMANCE, latency: NONE
[2026-06-02 17:42:05.963] [560532] [HailoRT] [info] [multi_io_elements.cpp:756] [create] Created (AsyncHwEl)
[2026-06-02 17:42:05.963] [560532] [HailoRT] [info] [queue_elements.cpp:450] [create] Created (EntryPushQEl0best/input_layer1 | timeout: 10s)
[2026-06-02 17:42:05.963] [560532] [HailoRT] [info] [filter_elements.cpp:101] [create] Created (PreInferEl2best/input_layer1 | Reorder - src_order: RGB4, src_shape: (640, 640, 3), dst_order: NHCW, dst_shape: (640, 640, 3))
[2026-06-02 17:42:05.963] [560532] [HailoRT] [info] [queue_elements.cpp:450] [create] Created (PushQEl2best/input_layer1 | timeout: 10s)
[2026-06-02 17:42:05.963] [560532] [HailoRT] [info] [multi_io_elements.cpp:135] [create] Created (NmsPPMuxEl0YOLOV8-Post-Process | Op YOLOV8, Name: YOLOV8-Post-Process, Score threshold: 0.200, IoU threshold: 0.70, Classes: 1, Cross classes: false, NMS results order: BY_CLASS, Max bboxes per class: 100, Image height: 640, Image width: 640)
[2026-06-02 17:42:05.964] [560532] [HailoRT] [info] [queue_elements.cpp:942] [create] Created (MultiPushQEl0YOLOV8-Post-Process | timeout: 10s)
[2026-06-02 17:42:05.964] [560532] [HailoRT] [info] [edge_elements.cpp:187] [create] Created (LastAsyncEl0NmsPPMuxEl0YOLOV8-Post-Process)
[2026-06-02 17:42:05.964] [560532] [HailoRT] [info] [pipeline.cpp:891] [print_deep_description] EntryPushQEl0best/input_layer1 | inputs: user | outputs: PreInferEl2best/input_layer1(running in thread_id: 560560)
[2026-06-02 17:42:05.964] [560532] [HailoRT] [info] [pipeline.cpp:891] [print_deep_description] PreInferEl2best/input_layer1 | inputs: EntryPushQEl0best/input_layer1[0] | outputs: PushQEl2best/input_layer1
[2026-06-02 17:42:05.964] [560532] [HailoRT] [info] [pipeline.cpp:891] [print_deep_description] PushQEl2best/input_layer1 | inputs: PreInferEl2best/input_layer1[0] | outputs: AsyncHwEl(running in thread_id: 560561)
[2026-06-02 17:42:05.964] [560532] [HailoRT] [info] [pipeline.cpp:891] [print_deep_description] AsyncHwEl | inputs: PushQEl2best/input_layer1[0] | outputs: MultiPushQEl0YOLOV8-Post-Process MultiPushQEl0YOLOV8-Post-Process MultiPushQEl0YOLOV8-Post-Process MultiPushQEl0YOLOV8-Post-Process MultiPushQEl0YOLOV8-Post-Process MultiPushQEl0YOLOV8-Post-Process
[2026-06-02 17:42:05.964] [560532] [HailoRT] [info] [pipeline.cpp:891] [print_deep_description] MultiPushQEl0YOLOV8-Post-Process | inputs: AsyncHwEl[0] AsyncHwEl[1] AsyncHwEl[2] AsyncHwEl[3] AsyncHwEl[4] AsyncHwEl[5] | outputs: NmsPPMuxEl0YOLOV8-Post-Process(running in thread_id: 560562)
[2026-06-02 17:42:05.964] [560532] [HailoRT] [info] [pipeline.cpp:891] [print_deep_description] NmsPPMuxEl0YOLOV8-Post-Process | inputs: MultiPushQEl0YOLOV8-Post-Process[0] | outputs: LastAsyncEl0NmsPPMuxEl0YOLOV8-Post-Process
[2026-06-02 17:42:05.964] [560532] [HailoRT] [info] [pipeline.cpp:891] [print_deep_description] LastAsyncEl0NmsPPMuxEl0YOLOV8-Post-Process | inputs: NmsPPMuxEl0YOLOV8-Post-Process[0] | outputs: user
[2026-06-02 17:42:06.446] [560551] [HailoRT] [info] [hef.cpp:1929] [get_network_group_and_network_name] No name was given. Addressing all networks of default network_group: best
[2026-06-02 17:42:19.638] [560532] [HailoRT] [info] [async_infer_runner.cpp:86] [shutdown] Pipeline was aborted. Shutting it down
[2026-06-02 17:42:19.638] [560532] [HailoRT] [info] [queue_elements.cpp:1131] [execute_deactivate] enqueue() in element MultiPushQEl0YOLOV8-Post-Process was aborted, got status = HAILO_SHUTDOWN_EVENT_SIGNALED(57)
[2026-06-02 17:42:19.638] [560532] [HailoRT] [info] [queue_elements.cpp:1131] [execute_deactivate] enqueue() in element MultiPushQEl0YOLOV8-Post-Process was aborted, got status = HAILO_SHUTDOWN_EVENT_SIGNALED(57)
[2026-06-02 17:42:19.638] [560532] [HailoRT] [info] [queue_elements.cpp:1131] [execute_deactivate] enqueue() in element MultiPushQEl0YOLOV8-Post-Process was aborted, got status = HAILO_SHUTDOWN_EVENT_SIGNALED(57)
[2026-06-02 17:42:19.638] [560532] [HailoRT] [info] [queue_elements.cpp:1131] [execute_deactivate] enqueue() in element MultiPushQEl0YOLOV8-Post-Process was aborted, got status = HAILO_SHUTDOWN_EVENT_SIGNALED(57)
[2026-06-02 17:42:19.638] [560532] [HailoRT] [info] [queue_elements.cpp:1131] [execute_deactivate] enqueue() in element MultiPushQEl0YOLOV8-Post-Process was aborted, got status = HAILO_SHUTDOWN_EVENT_SIGNALED(57)
[2026-06-02 17:42:19.638] [560532] [HailoRT] [info] [queue_elements.cpp:1131] [execute_deactivate] enqueue() in element MultiPushQEl0YOLOV8-Post-Process was aborted, got status = HAILO_SHUTDOWN_EVENT_SIGNALED(57)
[2026-06-02 17:42:19.638] [560532] [HailoRT] [info] [queue_elements.cpp:570] [execute_deactivate] enqueue() in element PushQEl2best/input_layer1 was aborted, got status = HAILO_SHUTDOWN_EVENT_SIGNALED(57)
[2026-06-02 17:42:19.638] [560532] [HailoRT] [info] [queue_elements.cpp:570] [execute_deactivate] enqueue() in element EntryPushQEl0best/input_layer1 was aborted, got status = HAILO_SHUTDOWN_EVENT_SIGNALED(57)
[2026-06-02 17:42:19.638] [560532] [HailoRT] [info] [queue_elements.cpp:46] [~BaseQueueElement] Queue element EntryPushQEl0best/input_layer1 has 0 frames in his Queue on destruction
[2026-06-02 17:42:19.638] [560532] [HailoRT] [info] [queue_elements.cpp:46] [~BaseQueueElement] Queue element PushQEl2best/input_layer1 has 0 frames in his Queue on destruction
[2026-06-02 17:44:59.144] [564090] [HailoRT] [info] [vdevice.cpp:523] [create] Creating vdevice with params: device_count: 1, scheduling_algorithm: ROUND_ROBIN, multi_process_service: false
[2026-06-02 17:44:59.155] [564090] [HailoRT] [info] [device.cpp:49] [Device] OS Version: Linux 6.12.47+rpt-rpi-2712 #1 SMP PREEMPT Debian 1:6.12.47-1+rpt1~bookworm (2025-09-16) aarch64
[2026-06-02 17:44:59.156] [564090] [HailoRT] [info] [control.cpp:108] [control__parse_identify_results] firmware_version is: 4.20.0
[2026-06-02 17:44:59.156] [564090] [HailoRT] [info] [vdevice.cpp:651] [create] VDevice Infos: 0001:01:00.0
[2026-06-02 17:44:59.161] [564090] [HailoRT] [info] [hef.cpp:1929] [get_network_group_and_network_name] No name was given. Addressing all networks of default network_group: scrfd_500m
[2026-06-02 17:44:59.161] [564090] [HailoRT] [info] [hef.cpp:1929] [get_network_group_and_network_name] No name was given. Addressing all networks of default network_group: scrfd_500m
[2026-06-02 17:44:59.176] [564090] [HailoRT] [info] [internal_buffer_manager.cpp:204] [print_execution_results] Planned internal buffer memory: CMA memory 0, user memory 1519104. memory to edge layer usage factor is 1
[2026-06-02 17:44:59.176] [564090] [HailoRT] [info] [internal_buffer_manager.cpp:212] [print_execution_results] Default Internal buffer planner executed successfully
[2026-06-02 17:44:59.190] [564090] [HailoRT] [info] [device_internal.cpp:57] [configure] Configuring HEF took 20.357466 milliseconds
[2026-06-02 17:44:59.190] [564090] [HailoRT] [info] [vdevice.cpp:749] [configure] Configuring HEF on VDevice took 22.284693 milliseconds
[2026-06-02 17:44:59.190] [564090] [HailoRT] [info] [infer_model.cpp:436] [configure] Configuring network group 'scrfd_500m' with params: batch size: 0, power mode: PERFORMANCE, latency: NONE
[2026-06-02 17:44:59.190] [564090] [HailoRT] [info] [multi_io_elements.cpp:756] [create] Created (AsyncHwEl)
[2026-06-02 17:44:59.190] [564090] [HailoRT] [info] [queue_elements.cpp:450] [create] Created (EntryPushQEl0scrfd_500m/input_layer1 | timeout: 10s)
[2026-06-02 17:44:59.190] [564090] [HailoRT] [info] [filter_elements.cpp:101] [create] Created (PreInferEl3scrfd_500m/input_layer1 | Reorder - src_order: RGB4, src_shape: (640, 640, 3), dst_order: NHWC, dst_shape: (640, 640, 3))
[2026-06-02 17:44:59.190] [564090] [HailoRT] [info] [queue_elements.cpp:450] [create] Created (PushQEl3scrfd_500m/input_layer1 | timeout: 10s)
[2026-06-02 17:44:59.190] [564090] [HailoRT] [info] [edge_elements.cpp:187] [create] Created (LastAsyncEl4AsyncHwEl)
[2026-06-02 17:44:59.190] [564090] [HailoRT] [info] [edge_elements.cpp:187] [create] Created (LastAsyncEl8AsyncHwEl)
[2026-06-02 17:44:59.190] [564090] [HailoRT] [info] [edge_elements.cpp:187] [create] Created (LastAsyncEl7AsyncHwEl)
[2026-06-02 17:44:59.190] [564090] [HailoRT] [info] [queue_elements.cpp:450] [create] Created (PushQEl6AsyncHwEl | timeout: 10s)
[2026-06-02 17:44:59.190] [564090] [HailoRT] [info] [filter_elements.cpp:375] [create] Created (PostInferEl6AsyncHwEl | Reorder - src_order: FCR, src_shape: (80, 80, 24), dst_order: FCR, dst_shape: (80, 80, 20))
[2026-06-02 17:44:59.190] [564090] [HailoRT] [info] [edge_elements.cpp:187] [create] Created (LastAsyncEl0PostInferEl6AsyncHwEl)
[2026-06-02 17:44:59.190] [564090] [HailoRT] [info] [edge_elements.cpp:187] [create] Created (LastAsyncEl3AsyncHwEl)
[2026-06-02 17:44:59.191] [564090] [HailoRT] [info] [queue_elements.cpp:450] [create] Created (PushQEl2AsyncHwEl | timeout: 10s)
[2026-06-02 17:44:59.191] [564090] [HailoRT] [info] [filter_elements.cpp:375] [create] Created (PostInferEl2AsyncHwEl | Reorder - src_order: FCR, src_shape: (40, 40, 24), dst_order: FCR, dst_shape: (40, 40, 20))
[2026-06-02 17:44:59.191] [564090] [HailoRT] [info] [edge_elements.cpp:187] [create] Created (LastAsyncEl0PostInferEl2AsyncHwEl)
[2026-06-02 17:44:59.191] [564090] [HailoRT] [info] [queue_elements.cpp:450] [create] Created (PushQEl1AsyncHwEl | timeout: 10s)
[2026-06-02 17:44:59.191] [564090] [HailoRT] [info] [filter_elements.cpp:375] [create] Created (PostInferEl1AsyncHwEl | Reorder - src_order: NHCW, src_shape: (20, 20, 8), dst_order: NHWC, dst_shape: (20, 20, 8))
[2026-06-02 17:44:59.191] [564090] [HailoRT] [info] [edge_elements.cpp:187] [create] Created (LastAsyncEl0PostInferEl1AsyncHwEl)
[2026-06-02 17:44:59.193] [564090] [HailoRT] [info] [queue_elements.cpp:450] [create] Created (PushQEl0AsyncHwEl | timeout: 10s)
[2026-06-02 17:44:59.193] [564090] [HailoRT] [info] [filter_elements.cpp:375] [create] Created (PostInferEl0AsyncHwEl | Reorder - src_order: NHCW, src_shape: (20, 20, 2), dst_order: NHWC, dst_shape: (20, 20, 2))
[2026-06-02 17:44:59.193] [564090] [HailoRT] [info] [edge_elements.cpp:187] [create] Created (LastAsyncEl0PostInferEl0AsyncHwEl)
[2026-06-02 17:44:59.193] [564090] [HailoRT] [info] [queue_elements.cpp:450] [create] Created (PushQEl5AsyncHwEl | timeout: 10s)
[2026-06-02 17:44:59.193] [564090] [HailoRT] [info] [filter_elements.cpp:375] [create] Created (PostInferEl5AsyncHwEl | Reorder - src_order: FCR, src_shape: (20, 20, 24), dst_order: FCR, dst_shape: (20, 20, 20))
[2026-06-02 17:44:59.193] [564090] [HailoRT] [info] [edge_elements.cpp:187] [create] Created (LastAsyncEl0PostInferEl5AsyncHwEl)
[2026-06-02 17:44:59.193] [564090] [HailoRT] [info] [pipeline.cpp:891] [print_deep_description] EntryPushQEl0scrfd_500m/input_layer1 | inputs: user | outputs: PreInferEl3scrfd_500m/input_layer1(running in thread_id: 564116)
[2026-06-02 17:44:59.193] [564090] [HailoRT] [info] [pipeline.cpp:891] [print_deep_description] PreInferEl3scrfd_500m/input_layer1 | inputs: EntryPushQEl0scrfd_500m/input_layer1[0] | outputs: PushQEl3scrfd_500m/input_layer1
[2026-06-02 17:44:59.193] [564090] [HailoRT] [info] [pipeline.cpp:891] [print_deep_description] PushQEl3scrfd_500m/input_layer1 | inputs: PreInferEl3scrfd_500m/input_layer1[0] | outputs: AsyncHwEl(running in thread_id: 564117)
[2026-06-02 17:44:59.193] [564090] [HailoRT] [info] [pipeline.cpp:891] [print_deep_description] AsyncHwEl | inputs: PushQEl3scrfd_500m/input_layer1[0] | outputs: PushQEl0AsyncHwEl PushQEl1AsyncHwEl PushQEl2AsyncHwEl LastAsyncEl3AsyncHwEl LastAsyncEl4AsyncHwEl PushQEl5AsyncHwEl PushQEl6AsyncHwEl LastAsyncEl7AsyncHwEl LastAsyncEl8AsyncHwEl
[2026-06-02 17:44:59.193] [564090] [HailoRT] [info] [pipeline.cpp:891] [print_deep_description] PushQEl0AsyncHwEl | inputs: AsyncHwEl[0] | outputs: PostInferEl0AsyncHwEl(running in thread_id: 564121)
[2026-06-02 17:44:59.193] [564090] [HailoRT] [info] [pipeline.cpp:891] [print_deep_description] PostInferEl0AsyncHwEl | inputs: PushQEl0AsyncHwEl[0] | outputs: LastAsyncEl0PostInferEl0AsyncHwEl
[2026-06-02 17:44:59.193] [564090] [HailoRT] [info] [pipeline.cpp:891] [print_deep_description] LastAsyncEl0PostInferEl0AsyncHwEl | inputs: PostInferEl0AsyncHwEl[0] | outputs: user
[2026-06-02 17:44:59.193] [564090] [HailoRT] [info] [pipeline.cpp:891] [print_deep_description] PushQEl1AsyncHwEl | inputs: AsyncHwEl[0] | outputs: PostInferEl1AsyncHwEl(running in thread_id: 564120)
[2026-06-02 17:44:59.193] [564090] [HailoRT] [info] [pipeline.cpp:891] [print_deep_description] PostInferEl1AsyncHwEl | inputs: PushQEl1AsyncHwEl[0] | outputs: LastAsyncEl0PostInferEl1AsyncHwEl
[2026-06-02 17:44:59.193] [564090] [HailoRT] [info] [pipeline.cpp:891] [print_deep_description] LastAsyncEl0PostInferEl1AsyncHwEl | inputs: PostInferEl1AsyncHwEl[0] | outputs: user
[2026-06-02 17:44:59.193] [564090] [HailoRT] [info] [pipeline.cpp:891] [print_deep_description] PushQEl2AsyncHwEl | inputs: AsyncHwEl[0] | outputs: PostInferEl2AsyncHwEl(running in thread_id: 564119)
[2026-06-02 17:44:59.193] [564090] [HailoRT] [info] [pipeline.cpp:891] [print_deep_description] PostInferEl2AsyncHwEl | inputs: PushQEl2AsyncHwEl[0] | outputs: LastAsyncEl0PostInferEl2AsyncHwEl
[2026-06-02 17:44:59.193] [564090] [HailoRT] [info] [pipeline.cpp:891] [print_deep_description] LastAsyncEl0PostInferEl2AsyncHwEl | inputs: PostInferEl2AsyncHwEl[0] | outputs: user
[2026-06-02 17:44:59.193] [564090] [HailoRT] [info] [pipeline.cpp:891] [print_deep_description] LastAsyncEl3AsyncHwEl | inputs: AsyncHwEl[0] | outputs: user
[2026-06-02 17:44:59.193] [564090] [HailoRT] [info] [pipeline.cpp:891] [print_deep_description] LastAsyncEl4AsyncHwEl | inputs: AsyncHwEl[0] | outputs: user
[2026-06-02 17:44:59.193] [564090] [HailoRT] [info] [pipeline.cpp:891] [print_deep_description] PushQEl5AsyncHwEl | inputs: AsyncHwEl[0] | outputs: PostInferEl5AsyncHwEl(running in thread_id: 564122)
[2026-06-02 17:44:59.193] [564090] [HailoRT] [info] [pipeline.cpp:891] [print_deep_description] PostInferEl5AsyncHwEl | inputs: PushQEl5AsyncHwEl[0] | outputs: LastAsyncEl0PostInferEl5AsyncHwEl
[2026-06-02 17:44:59.193] [564090] [HailoRT] [info] [pipeline.cpp:891] [print_deep_description] LastAsyncEl0PostInferEl5AsyncHwEl | inputs: PostInferEl5AsyncHwEl[0] | outputs: user
[2026-06-02 17:44:59.193] [564090] [HailoRT] [info] [pipeline.cpp:891] [print_deep_description] PushQEl6AsyncHwEl | inputs: AsyncHwEl[0] | outputs: PostInferEl6AsyncHwEl(running in thread_id: 564118)
[2026-06-02 17:44:59.193] [564090] [HailoRT] [info] [pipeline.cpp:891] [print_deep_description] PostInferEl6AsyncHwEl | inputs: PushQEl6AsyncHwEl[0] | outputs: LastAsyncEl0PostInferEl6AsyncHwEl
[2026-06-02 17:44:59.193] [564090] [HailoRT] [info] [pipeline.cpp:891] [print_deep_description] LastAsyncEl0PostInferEl6AsyncHwEl | inputs: PostInferEl6AsyncHwEl[0] | outputs: user
[2026-06-02 17:44:59.193] [564090] [HailoRT] [info] [pipeline.cpp:891] [print_deep_description] LastAsyncEl7AsyncHwEl | inputs: AsyncHwEl[0] | outputs: user
[2026-06-02 17:44:59.193] [564090] [HailoRT] [info] [pipeline.cpp:891] [print_deep_description] LastAsyncEl8AsyncHwEl | inputs: AsyncHwEl[0] | outputs: user
[2026-06-02 17:44:59.667] [564109] [HailoRT] [info] [hef.cpp:1929] [get_network_group_and_network_name] No name was given. Addressing all networks of default network_group: scrfd_500m
[2026-06-02 17:45:11.182] [564090] [HailoRT] [info] [async_infer_runner.cpp:86] [shutdown] Pipeline was aborted. Shutting it down
[2026-06-02 17:45:11.183] [564103] [HailoRT] [info] [network_group.cpp:857] [operator()] Infer request was aborted by user
[2026-06-02 17:45:11.183] [564090] [HailoRT] [info] [queue_elements.cpp:570] [execute_deactivate] enqueue() in element PushQEl0AsyncHwEl was aborted, got status = HAILO_SHUTDOWN_EVENT_SIGNALED(57)
[2026-06-02 17:45:11.183] [564090] [HailoRT] [info] [queue_elements.cpp:570] [execute_deactivate] enqueue() in element PushQEl1AsyncHwEl was aborted, got status = HAILO_SHUTDOWN_EVENT_SIGNALED(57)
[2026-06-02 17:45:11.183] [564090] [HailoRT] [info] [queue_elements.cpp:570] [execute_deactivate] enqueue() in element PushQEl2AsyncHwEl was aborted, got status = HAILO_SHUTDOWN_EVENT_SIGNALED(57)
[2026-06-02 17:45:11.183] [564090] [HailoRT] [info] [queue_elements.cpp:570] [execute_deactivate] enqueue() in element PushQEl5AsyncHwEl was aborted, got status = HAILO_SHUTDOWN_EVENT_SIGNALED(57)
[2026-06-02 17:45:11.183] [564090] [HailoRT] [info] [queue_elements.cpp:570] [execute_deactivate] enqueue() in element PushQEl6AsyncHwEl was aborted, got status = HAILO_SHUTDOWN_EVENT_SIGNALED(57)
[2026-06-02 17:45:11.183] [564090] [HailoRT] [info] [queue_elements.cpp:570] [execute_deactivate] enqueue() in element PushQEl3scrfd_500m/input_layer1 was aborted, got status = HAILO_SHUTDOWN_EVENT_SIGNALED(57)
[2026-06-02 17:45:11.183] [564090] [HailoRT] [info] [queue_elements.cpp:570] [execute_deactivate] enqueue() in element EntryPushQEl0scrfd_500m/input_layer1 was aborted, got status = HAILO_SHUTDOWN_EVENT_SIGNALED(57)
[2026-06-02 17:45:11.183] [564090] [HailoRT] [info] [queue_elements.cpp:46] [~BaseQueueElement] Queue element EntryPushQEl0scrfd_500m/input_layer1 has 0 frames in his Queue on destruction
[2026-06-02 17:45:11.183] [564090] [HailoRT] [info] [queue_elements.cpp:46] [~BaseQueueElement] Queue element PushQEl3scrfd_500m/input_layer1 has 0 frames in his Queue on destruction
[2026-06-02 17:45:11.184] [564090] [HailoRT] [info] [queue_elements.cpp:46] [~BaseQueueElement] Queue element PushQEl6AsyncHwEl has 0 frames in his Queue on destruction
[2026-06-02 17:45:11.184] [564090] [HailoRT] [info] [queue_elements.cpp:46] [~BaseQueueElement] Queue element PushQEl2AsyncHwEl has 0 frames in his Queue on destruction
[2026-06-02 17:45:11.184] [564090] [HailoRT] [info] [queue_elements.cpp:46] [~BaseQueueElement] Queue element PushQEl1AsyncHwEl has 0 frames in his Queue on destruction
[2026-06-02 17:45:11.184] [564090] [HailoRT] [info] [queue_elements.cpp:46] [~BaseQueueElement] Queue element PushQEl0AsyncHwEl has 0 frames in his Queue on destruction
[2026-06-02 17:45:11.184] [564090] [HailoRT] [info] [queue_elements.cpp:46] [~BaseQueueElement] Queue element PushQEl5AsyncHwEl has 0 frames in his Queue on destruction
[2026-06-02 17:46:45.860] [566312] [HailoRT] [info] [vdevice.cpp:523] [create] Creating vdevice with params: device_count: 1, scheduling_algorithm: ROUND_ROBIN, multi_process_service: false
[2026-06-02 17:46:45.871] [566312] [HailoRT] [info] [device.cpp:49] [Device] OS Version: Linux 6.12.47+rpt-rpi-2712 #1 SMP PREEMPT Debian 1:6.12.47-1+rpt1~bookworm (2025-09-16) aarch64
[2026-06-02 17:46:45.872] [566312] [HailoRT] [info] [control.cpp:108] [control__parse_identify_results] firmware_version is: 4.20.0
[2026-06-02 17:46:45.872] [566312] [HailoRT] [info] [vdevice.cpp:651] [create] VDevice Infos: 0001:01:00.0
[2026-06-02 17:46:45.878] [566312] [HailoRT] [info] [hef.cpp:1929] [get_network_group_and_network_name] No name was given. Addressing all networks of default network_group: scrfd_500m
[2026-06-02 17:46:45.878] [566312] [HailoRT] [info] [hef.cpp:1929] [get_network_group_and_network_name] No name was given. Addressing all networks of default network_group: scrfd_500m
[2026-06-02 17:46:45.892] [566312] [HailoRT] [info] [internal_buffer_manager.cpp:204] [print_execution_results] Planned internal buffer memory: CMA memory 0, user memory 1519104. memory to edge layer usage factor is 1
[2026-06-02 17:46:45.892] [566312] [HailoRT] [info] [internal_buffer_manager.cpp:212] [print_execution_results] Default Internal buffer planner executed successfully
[2026-06-02 17:46:45.903] [566312] [HailoRT] [info] [device_internal.cpp:57] [configure] Configuring HEF took 18.193778 milliseconds
[2026-06-02 17:46:45.904] [566312] [HailoRT] [info] [vdevice.cpp:749] [configure] Configuring HEF on VDevice took 18.566027 milliseconds
[2026-06-02 17:46:45.904] [566312] [HailoRT] [info] [infer_model.cpp:436] [configure] Configuring network group 'scrfd_500m' with params: batch size: 0, power mode: PERFORMANCE, latency: NONE
[2026-06-02 17:46:45.904] [566312] [HailoRT] [info] [multi_io_elements.cpp:756] [create] Created (AsyncHwEl)
[2026-06-02 17:46:45.904] [566312] [HailoRT] [info] [queue_elements.cpp:450] [create] Created (EntryPushQEl0scrfd_500m/input_layer1 | timeout: 10s)
[2026-06-02 17:46:45.904] [566312] [HailoRT] [info] [filter_elements.cpp:101] [create] Created (PreInferEl3scrfd_500m/input_layer1 | Reorder - src_order: RGB4, src_shape: (640, 640, 3), dst_order: NHWC, dst_shape: (640, 640, 3))
[2026-06-02 17:46:45.904] [566312] [HailoRT] [info] [queue_elements.cpp:450] [create] Created (PushQEl3scrfd_500m/input_layer1 | timeout: 10s)
[2026-06-02 17:46:45.904] [566312] [HailoRT] [info] [edge_elements.cpp:187] [create] Created (LastAsyncEl4AsyncHwEl)
[2026-06-02 17:46:45.904] [566312] [HailoRT] [info] [edge_elements.cpp:187] [create] Created (LastAsyncEl8AsyncHwEl)
[2026-06-02 17:46:45.904] [566312] [HailoRT] [info] [edge_elements.cpp:187] [create] Created (LastAsyncEl7AsyncHwEl)
[2026-06-02 17:46:45.904] [566312] [HailoRT] [info] [queue_elements.cpp:450] [create] Created (PushQEl6AsyncHwEl | timeout: 10s)
[2026-06-02 17:46:45.904] [566312] [HailoRT] [info] [filter_elements.cpp:375] [create] Created (PostInferEl6AsyncHwEl | Reorder - src_order: FCR, src_shape: (80, 80, 24), dst_order: FCR, dst_shape: (80, 80, 20))
[2026-06-02 17:46:45.904] [566312] [HailoRT] [info] [edge_elements.cpp:187] [create] Created (LastAsyncEl0PostInferEl6AsyncHwEl)
[2026-06-02 17:46:45.904] [566312] [HailoRT] [info] [edge_elements.cpp:187] [create] Created (LastAsyncEl3AsyncHwEl)
[2026-06-02 17:46:45.904] [566312] [HailoRT] [info] [queue_elements.cpp:450] [create] Created (PushQEl2AsyncHwEl | timeout: 10s)
[2026-06-02 17:46:45.904] [566312] [HailoRT] [info] [filter_elements.cpp:375] [create] Created (PostInferEl2AsyncHwEl | Reorder - src_order: FCR, src_shape: (40, 40, 24), dst_order: FCR, dst_shape: (40, 40, 20))
[2026-06-02 17:46:45.904] [566312] [HailoRT] [info] [edge_elements.cpp:187] [create] Created (LastAsyncEl0PostInferEl2AsyncHwEl)
[2026-06-02 17:46:45.904] [566312] [HailoRT] [info] [queue_elements.cpp:450] [create] Created (PushQEl1AsyncHwEl | timeout: 10s)
[2026-06-02 17:46:45.904] [566312] [HailoRT] [info] [filter_elements.cpp:375] [create] Created (PostInferEl1AsyncHwEl | Reorder - src_order: NHCW, src_shape: (20, 20, 8), dst_order: NHWC, dst_shape: (20, 20, 8))
[2026-06-02 17:46:45.904] [566312] [HailoRT] [info] [edge_elements.cpp:187] [create] Created (LastAsyncEl0PostInferEl1AsyncHwEl)
[2026-06-02 17:46:45.905] [566312] [HailoRT] [info] [queue_elements.cpp:450] [create] Created (PushQEl0AsyncHwEl | timeout: 10s)
[2026-06-02 17:46:45.905] [566312] [HailoRT] [info] [filter_elements.cpp:375] [create] Created (PostInferEl0AsyncHwEl | Reorder - src_order: NHCW, src_shape: (20, 20, 2), dst_order: NHWC, dst_shape: (20, 20, 2))
[2026-06-02 17:46:45.905] [566312] [HailoRT] [info] [edge_elements.cpp:187] [create] Created (LastAsyncEl0PostInferEl0AsyncHwEl)
[2026-06-02 17:46:45.905] [566312] [HailoRT] [info] [queue_elements.cpp:450] [create] Created (PushQEl5AsyncHwEl | timeout: 10s)
[2026-06-02 17:46:45.905] [566312] [HailoRT] [info] [filter_elements.cpp:375] [create] Created (PostInferEl5AsyncHwEl | Reorder - src_order: FCR, src_shape: (20, 20, 24), dst_order: FCR, dst_shape: (20, 20, 20))
[2026-06-02 17:46:45.905] [566312] [HailoRT] [info] [edge_elements.cpp:187] [create] Created (LastAsyncEl0PostInferEl5AsyncHwEl)
[2026-06-02 17:46:45.905] [566312] [HailoRT] [info] [pipeline.cpp:891] [print_deep_description] EntryPushQEl0scrfd_500m/input_layer1 | inputs: user | outputs: PreInferEl3scrfd_500m/input_layer1(running in thread_id: 566338)
[2026-06-02 17:46:45.905] [566312] [HailoRT] [info] [pipeline.cpp:891] [print_deep_description] PreInferEl3scrfd_500m/input_layer1 | inputs: EntryPushQEl0scrfd_500m/input_layer1[0] | outputs: PushQEl3scrfd_500m/input_layer1
[2026-06-02 17:46:45.905] [566312] [HailoRT] [info] [pipeline.cpp:891] [print_deep_description] PushQEl3scrfd_500m/input_layer1 | inputs: PreInferEl3scrfd_500m/input_layer1[0] | outputs: AsyncHwEl(running in thread_id: 566339)
[2026-06-02 17:46:45.905] [566312] [HailoRT] [info] [pipeline.cpp:891] [print_deep_description] AsyncHwEl | inputs: PushQEl3scrfd_500m/input_layer1[0] | outputs: PushQEl0AsyncHwEl PushQEl1AsyncHwEl PushQEl2AsyncHwEl LastAsyncEl3AsyncHwEl LastAsyncEl4AsyncHwEl PushQEl5AsyncHwEl PushQEl6AsyncHwEl LastAsyncEl7AsyncHwEl LastAsyncEl8AsyncHwEl
[2026-06-02 17:46:45.905] [566312] [HailoRT] [info] [pipeline.cpp:891] [print_deep_description] PushQEl0AsyncHwEl | inputs: AsyncHwEl[0] | outputs: PostInferEl0AsyncHwEl(running in thread_id: 566343)
[2026-06-02 17:46:45.905] [566312] [HailoRT] [info] [pipeline.cpp:891] [print_deep_description] PostInferEl0AsyncHwEl | inputs: PushQEl0AsyncHwEl[0] | outputs: LastAsyncEl0PostInferEl0AsyncHwEl
[2026-06-02 17:46:45.905] [566312] [HailoRT] [info] [pipeline.cpp:891] [print_deep_description] LastAsyncEl0PostInferEl0AsyncHwEl | inputs: PostInferEl0AsyncHwEl[0] | outputs: user
[2026-06-02 17:46:45.905] [566312] [HailoRT] [info] [pipeline.cpp:891] [print_deep_description] PushQEl1AsyncHwEl | inputs: AsyncHwEl[0] | outputs: PostInferEl1AsyncHwEl(running in thread_id: 566342)
[2026-06-02 17:46:45.905] [566312] [HailoRT] [info] [pipeline.cpp:891] [print_deep_description] PostInferEl1AsyncHwEl | inputs: PushQEl1AsyncHwEl[0] | outputs: LastAsyncEl0PostInferEl1AsyncHwEl
[2026-06-02 17:46:45.905] [566312] [HailoRT] [info] [pipeline.cpp:891] [print_deep_description] LastAsyncEl0PostInferEl1AsyncHwEl | inputs: PostInferEl1AsyncHwEl[0] | outputs: user
[2026-06-02 17:46:45.905] [566312] [HailoRT] [info] [pipeline.cpp:891] [print_deep_description] PushQEl2AsyncHwEl | inputs: AsyncHwEl[0] | outputs: PostInferEl2AsyncHwEl(running in thread_id: 566341)
[2026-06-02 17:46:45.905] [566312] [HailoRT] [info] [pipeline.cpp:891] [print_deep_description] PostInferEl2AsyncHwEl | inputs: PushQEl2AsyncHwEl[0] | outputs: LastAsyncEl0PostInferEl2AsyncHwEl
[2026-06-02 17:46:45.905] [566312] [HailoRT] [info] [pipeline.cpp:891] [print_deep_description] LastAsyncEl0PostInferEl2AsyncHwEl | inputs: PostInferEl2AsyncHwEl[0] | outputs: user
[2026-06-02 17:46:45.905] [566312] [HailoRT] [info] [pipeline.cpp:891] [print_deep_description] LastAsyncEl3AsyncHwEl | inputs: AsyncHwEl[0] | outputs: user
[2026-06-02 17:46:45.905] [566312] [HailoRT] [info] [pipeline.cpp:891] [print_deep_description] LastAsyncEl4AsyncHwEl | inputs: AsyncHwEl[0] | outputs: user
[2026-06-02 17:46:45.905] [566312] [HailoRT] [info] [pipeline.cpp:891] [print_deep_description] PushQEl5AsyncHwEl | inputs: AsyncHwEl[0] | outputs: PostInferEl5AsyncHwEl(running in thread_id: 566344)
[2026-06-02 17:46:45.905] [566312] [HailoRT] [info] [pipeline.cpp:891] [print_deep_description] PostInferEl5AsyncHwEl | inputs: PushQEl5AsyncHwEl[0] | outputs: LastAsyncEl0PostInferEl5AsyncHwEl
[2026-06-02 17:46:45.905] [566312] [HailoRT] [info] [pipeline.cpp:891] [print_deep_description] LastAsyncEl0PostInferEl5AsyncHwEl | inputs: PostInferEl5AsyncHwEl[0] | outputs: user
[2026-06-02 17:46:45.905] [566312] [HailoRT] [info] [pipeline.cpp:891] [print_deep_description] PushQEl6AsyncHwEl | inputs: AsyncHwEl[0] | outputs: PostInferEl6AsyncHwEl(running in thread_id: 566340)
[2026-06-02 17:46:45.905] [566312] [HailoRT] [info] [pipeline.cpp:891] [print_deep_description] PostInferEl6AsyncHwEl | inputs: PushQEl6AsyncHwEl[0] | outputs: LastAsyncEl0PostInferEl6AsyncHwEl
[2026-06-02 17:46:45.905] [566312] [HailoRT] [info] [pipeline.cpp:891] [print_deep_description] LastAsyncEl0PostInferEl6AsyncHwEl | inputs: PostInferEl6AsyncHwEl[0] | outputs: user
[2026-06-02 17:46:45.905] [566312] [HailoRT] [info] [pipeline.cpp:891] [print_deep_description] LastAsyncEl7AsyncHwEl | inputs: AsyncHwEl[0] | outputs: user
[2026-06-02 17:46:45.905] [566312] [HailoRT] [info] [pipeline.cpp:891] [print_deep_description] LastAsyncEl8AsyncHwEl | inputs: AsyncHwEl[0] | outputs: user
[2026-06-02 17:46:46.391] [566330] [HailoRT] [info] [hef.cpp:1929] [get_network_group_and_network_name] No name was given. Addressing all networks of default network_group: scrfd_500m
[2026-06-02 17:47:00.886] [566312] [HailoRT] [info] [async_infer_runner.cpp:86] [shutdown] Pipeline was aborted. Shutting it down
[2026-06-02 17:47:00.886] [566312] [HailoRT] [info] [queue_elements.cpp:570] [execute_deactivate] enqueue() in element PushQEl0AsyncHwEl was aborted, got status = HAILO_SHUTDOWN_EVENT_SIGNALED(57)
[2026-06-02 17:47:00.886] [566312] [HailoRT] [info] [queue_elements.cpp:570] [execute_deactivate] enqueue() in element PushQEl1AsyncHwEl was aborted, got status = HAILO_SHUTDOWN_EVENT_SIGNALED(57)
[2026-06-02 17:47:00.886] [566312] [HailoRT] [info] [queue_elements.cpp:570] [execute_deactivate] enqueue() in element PushQEl2AsyncHwEl was aborted, got status = HAILO_SHUTDOWN_EVENT_SIGNALED(57)
[2026-06-02 17:47:00.886] [566312] [HailoRT] [info] [queue_elements.cpp:570] [execute_deactivate] enqueue() in element PushQEl5AsyncHwEl was aborted, got status = HAILO_SHUTDOWN_EVENT_SIGNALED(57)
[2026-06-02 17:47:00.886] [566312] [HailoRT] [info] [queue_elements.cpp:570] [execute_deactivate] enqueue() in element PushQEl6AsyncHwEl was aborted, got status = HAILO_SHUTDOWN_EVENT_SIGNALED(57)
[2026-06-02 17:47:00.886] [566312] [HailoRT] [info] [queue_elements.cpp:570] [execute_deactivate] enqueue() in element PushQEl3scrfd_500m/input_layer1 was aborted, got status = HAILO_SHUTDOWN_EVENT_SIGNALED(57)
[2026-06-02 17:47:00.886] [566312] [HailoRT] [info] [queue_elements.cpp:570] [execute_deactivate] enqueue() in element EntryPushQEl0scrfd_500m/input_layer1 was aborted, got status = HAILO_SHUTDOWN_EVENT_SIGNALED(57)
[2026-06-02 17:47:00.886] [566312] [HailoRT] [info] [queue_elements.cpp:46] [~BaseQueueElement] Queue element EntryPushQEl0scrfd_500m/input_layer1 has 0 frames in his Queue on destruction
[2026-06-02 17:47:00.886] [566312] [HailoRT] [info] [queue_elements.cpp:46] [~BaseQueueElement] Queue element PushQEl3scrfd_500m/input_layer1 has 0 frames in his Queue on destruction
[2026-06-02 17:47:00.887] [566312] [HailoRT] [info] [queue_elements.cpp:46] [~BaseQueueElement] Queue element PushQEl6AsyncHwEl has 0 frames in his Queue on destruction
[2026-06-02 17:47:00.887] [566312] [HailoRT] [info] [queue_elements.cpp:46] [~BaseQueueElement] Queue element PushQEl2AsyncHwEl has 0 frames in his Queue on destruction
[2026-06-02 17:47:00.887] [566312] [HailoRT] [info] [queue_elements.cpp:46] [~BaseQueueElement] Queue element PushQEl1AsyncHwEl has 0 frames in his Queue on destruction
[2026-06-02 17:47:00.887] [566312] [HailoRT] [info] [queue_elements.cpp:46] [~BaseQueueElement] Queue element PushQEl0AsyncHwEl has 0 frames in his Queue on destruction
[2026-06-02 17:47:00.887] [566312] [HailoRT] [info] [queue_elements.cpp:46] [~BaseQueueElement] Queue element PushQEl5AsyncHwEl has 0 frames in his Queue on destruction
[2026-06-02 17:47:14.048] [566933] [HailoRT] [info] [vdevice.cpp:523] [create] Creating vdevice with params: device_count: 1, scheduling_algorithm: ROUND_ROBIN, multi_process_service: false
[2026-06-02 17:47:14.061] [566933] [HailoRT] [info] [device.cpp:49] [Device] OS Version: Linux 6.12.47+rpt-rpi-2712 #1 SMP PREEMPT Debian 1:6.12.47-1+rpt1~bookworm (2025-09-16) aarch64
[2026-06-02 17:47:14.062] [566933] [HailoRT] [info] [control.cpp:108] [control__parse_identify_results] firmware_version is: 4.20.0
[2026-06-02 17:47:14.062] [566933] [HailoRT] [info] [vdevice.cpp:651] [create] VDevice Infos: 0001:01:00.0
[2026-06-02 17:47:14.068] [566933] [HailoRT] [info] [hef.cpp:1929] [get_network_group_and_network_name] No name was given. Addressing all networks of default network_group: scrfd_500m
[2026-06-02 17:47:14.068] [566933] [HailoRT] [info] [hef.cpp:1929] [get_network_group_and_network_name] No name was given. Addressing all networks of default network_group: scrfd_500m
[2026-06-02 17:47:14.083] [566933] [HailoRT] [info] [internal_buffer_manager.cpp:204] [print_execution_results] Planned internal buffer memory: CMA memory 0, user memory 1519104. memory to edge layer usage factor is 1
[2026-06-02 17:47:14.083] [566933] [HailoRT] [info] [internal_buffer_manager.cpp:212] [print_execution_results] Default Internal buffer planner executed successfully
[2026-06-02 17:47:14.094] [566933] [HailoRT] [info] [device_internal.cpp:57] [configure] Configuring HEF took 19.261048 milliseconds
[2026-06-02 17:47:14.094] [566933] [HailoRT] [info] [vdevice.cpp:749] [configure] Configuring HEF on VDevice took 19.62839 milliseconds
[2026-06-02 17:47:14.094] [566933] [HailoRT] [info] [infer_model.cpp:436] [configure] Configuring network group 'scrfd_500m' with params: batch size: 0, power mode: PERFORMANCE, latency: NONE
[2026-06-02 17:47:14.094] [566933] [HailoRT] [info] [multi_io_elements.cpp:756] [create] Created (AsyncHwEl)
[2026-06-02 17:47:14.094] [566933] [HailoRT] [info] [queue_elements.cpp:450] [create] Created (EntryPushQEl0scrfd_500m/input_layer1 | timeout: 10s)
[2026-06-02 17:47:14.094] [566933] [HailoRT] [info] [filter_elements.cpp:101] [create] Created (PreInferEl3scrfd_500m/input_layer1 | Reorder - src_order: RGB4, src_shape: (640, 640, 3), dst_order: NHWC, dst_shape: (640, 640, 3))
[2026-06-02 17:47:14.095] [566933] [HailoRT] [info] [queue_elements.cpp:450] [create] Created (PushQEl3scrfd_500m/input_layer1 | timeout: 10s)
[2026-06-02 17:47:14.095] [566933] [HailoRT] [info] [edge_elements.cpp:187] [create] Created (LastAsyncEl4AsyncHwEl)
[2026-06-02 17:47:14.095] [566933] [HailoRT] [info] [edge_elements.cpp:187] [create] Created (LastAsyncEl8AsyncHwEl)
[2026-06-02 17:47:14.095] [566933] [HailoRT] [info] [edge_elements.cpp:187] [create] Created (LastAsyncEl7AsyncHwEl)
[2026-06-02 17:47:14.095] [566933] [HailoRT] [info] [queue_elements.cpp:450] [create] Created (PushQEl6AsyncHwEl | timeout: 10s)
[2026-06-02 17:47:14.095] [566933] [HailoRT] [info] [filter_elements.cpp:375] [create] Created (PostInferEl6AsyncHwEl | Reorder - src_order: FCR, src_shape: (80, 80, 24), dst_order: FCR, dst_shape: (80, 80, 20))
[2026-06-02 17:47:14.095] [566933] [HailoRT] [info] [edge_elements.cpp:187] [create] Created (LastAsyncEl0PostInferEl6AsyncHwEl)
[2026-06-02 17:47:14.095] [566933] [HailoRT] [info] [edge_elements.cpp:187] [create] Created (LastAsyncEl3AsyncHwEl)
[2026-06-02 17:47:14.095] [566933] [HailoRT] [info] [queue_elements.cpp:450] [create] Created (PushQEl2AsyncHwEl | timeout: 10s)
[2026-06-02 17:47:14.095] [566933] [HailoRT] [info] [filter_elements.cpp:375] [create] Created (PostInferEl2AsyncHwEl | Reorder - src_order: FCR, src_shape: (40, 40, 24), dst_order: FCR, dst_shape: (40, 40, 20))
[2026-06-02 17:47:14.095] [566933] [HailoRT] [info] [edge_elements.cpp:187] [create] Created (LastAsyncEl0PostInferEl2AsyncHwEl)
[2026-06-02 17:47:14.095] [566933] [HailoRT] [info] [queue_elements.cpp:450] [create] Created (PushQEl1AsyncHwEl | timeout: 10s)
[2026-06-02 17:47:14.095] [566933] [HailoRT] [info] [filter_elements.cpp:375] [create] Created (PostInferEl1AsyncHwEl | Reorder - src_order: NHCW, src_shape: (20, 20, 8), dst_order: NHWC, dst_shape: (20, 20, 8))
[2026-06-02 17:47:14.095] [566933] [HailoRT] [info] [edge_elements.cpp:187] [create] Created (LastAsyncEl0PostInferEl1AsyncHwEl)
[2026-06-02 17:47:14.095] [566933] [HailoRT] [info] [queue_elements.cpp:450] [create] Created (PushQEl0AsyncHwEl | timeout: 10s)
[2026-06-02 17:47:14.095] [566933] [HailoRT] [info] [filter_elements.cpp:375] [create] Created (PostInferEl0AsyncHwEl | Reorder - src_order: NHCW, src_shape: (20, 20, 2), dst_order: NHWC, dst_shape: (20, 20, 2))
[2026-06-02 17:47:14.095] [566933] [HailoRT] [info] [edge_elements.cpp:187] [create] Created (LastAsyncEl0PostInferEl0AsyncHwEl)
[2026-06-02 17:47:14.095] [566933] [HailoRT] [info] [queue_elements.cpp:450] [create] Created (PushQEl5AsyncHwEl | timeout: 10s)
[2026-06-02 17:47:14.095] [566933] [HailoRT] [info] [filter_elements.cpp:375] [create] Created (PostInferEl5AsyncHwEl | Reorder - src_order: FCR, src_shape: (20, 20, 24), dst_order: FCR, dst_shape: (20, 20, 20))
[2026-06-02 17:47:14.095] [566933] [HailoRT] [info] [edge_elements.cpp:187] [create] Created (LastAsyncEl0PostInferEl5AsyncHwEl)
[2026-06-02 17:47:14.095] [566933] [HailoRT] [info] [pipeline.cpp:891] [print_deep_description] EntryPushQEl0scrfd_500m/input_layer1 | inputs: user | outputs: PreInferEl3scrfd_500m/input_layer1(running in thread_id: 566959)
[2026-06-02 17:47:14.095] [566933] [HailoRT] [info] [pipeline.cpp:891] [print_deep_description] PreInferEl3scrfd_500m/input_layer1 | inputs: EntryPushQEl0scrfd_500m/input_layer1[0] | outputs: PushQEl3scrfd_500m/input_layer1
[2026-06-02 17:47:14.095] [566933] [HailoRT] [info] [pipeline.cpp:891] [print_deep_description] PushQEl3scrfd_500m/input_layer1 | inputs: PreInferEl3scrfd_500m/input_layer1[0] | outputs: AsyncHwEl(running in thread_id: 566960)
[2026-06-02 17:47:14.095] [566933] [HailoRT] [info] [pipeline.cpp:891] [print_deep_description] AsyncHwEl | inputs: PushQEl3scrfd_500m/input_layer1[0] | outputs: PushQEl0AsyncHwEl PushQEl1AsyncHwEl PushQEl2AsyncHwEl LastAsyncEl3AsyncHwEl LastAsyncEl4AsyncHwEl PushQEl5AsyncHwEl PushQEl6AsyncHwEl LastAsyncEl7AsyncHwEl LastAsyncEl8AsyncHwEl
[2026-06-02 17:47:14.095] [566933] [HailoRT] [info] [pipeline.cpp:891] [print_deep_description] PushQEl0AsyncHwEl | inputs: AsyncHwEl[0] | outputs: PostInferEl0AsyncHwEl(running in thread_id: 566964)
[2026-06-02 17:47:14.095] [566933] [HailoRT] [info] [pipeline.cpp:891] [print_deep_description] PostInferEl0AsyncHwEl | inputs: PushQEl0AsyncHwEl[0] | outputs: LastAsyncEl0PostInferEl0AsyncHwEl
[2026-06-02 17:47:14.095] [566933] [HailoRT] [info] [pipeline.cpp:891] [print_deep_description] LastAsyncEl0PostInferEl0AsyncHwEl | inputs: PostInferEl0AsyncHwEl[0] | outputs: user
[2026-06-02 17:47:14.095] [566933] [HailoRT] [info] [pipeline.cpp:891] [print_deep_description] PushQEl1AsyncHwEl | inputs: AsyncHwEl[0] | outputs: PostInferEl1AsyncHwEl(running in thread_id: 566963)
[2026-06-02 17:47:14.095] [566933] [HailoRT] [info] [pipeline.cpp:891] [print_deep_description] PostInferEl1AsyncHwEl | inputs: PushQEl1AsyncHwEl[0] | outputs: LastAsyncEl0PostInferEl1AsyncHwEl
[2026-06-02 17:47:14.095] [566933] [HailoRT] [info] [pipeline.cpp:891] [print_deep_description] LastAsyncEl0PostInferEl1AsyncHwEl | inputs: PostInferEl1AsyncHwEl[0] | outputs: user
[2026-06-02 17:47:14.095] [566933] [HailoRT] [info] [pipeline.cpp:891] [print_deep_description] PushQEl2AsyncHwEl | inputs: AsyncHwEl[0] | outputs: PostInferEl2AsyncHwEl(running in thread_id: 566962)
[2026-06-02 17:47:14.095] [566933] [HailoRT] [info] [pipeline.cpp:891] [print_deep_description] PostInferEl2AsyncHwEl | inputs: PushQEl2AsyncHwEl[0] | outputs: LastAsyncEl0PostInferEl2AsyncHwEl
[2026-06-02 17:47:14.095] [566933] [HailoRT] [info] [pipeline.cpp:891] [print_deep_description] LastAsyncEl0PostInferEl2AsyncHwEl | inputs: PostInferEl2AsyncHwEl[0] | outputs: user
[2026-06-02 17:47:14.095] [566933] [HailoRT] [info] [pipeline.cpp:891] [print_deep_description] LastAsyncEl3AsyncHwEl | inputs: AsyncHwEl[0] | outputs: user
[2026-06-02 17:47:14.095] [566933] [HailoRT] [info] [pipeline.cpp:891] [print_deep_description] LastAsyncEl4AsyncHwEl | inputs: AsyncHwEl[0] | outputs: user
[2026-06-02 17:47:14.095] [566933] [HailoRT] [info] [pipeline.cpp:891] [print_deep_description] PushQEl5AsyncHwEl | inputs: AsyncHwEl[0] | outputs: PostInferEl5AsyncHwEl(running in thread_id: 566965)
[2026-06-02 17:47:14.095] [566933] [HailoRT] [info] [pipeline.cpp:891] [print_deep_description] PostInferEl5AsyncHwEl | inputs: PushQEl5AsyncHwEl[0] | outputs: LastAsyncEl0PostInferEl5AsyncHwEl
[2026-06-02 17:47:14.095] [566933] [HailoRT] [info] [pipeline.cpp:891] [print_deep_description] LastAsyncEl0PostInferEl5AsyncHwEl | inputs: PostInferEl5AsyncHwEl[0] | outputs: user
[2026-06-02 17:47:14.095] [566933] [HailoRT] [info] [pipeline.cpp:891] [print_deep_description] PushQEl6AsyncHwEl | inputs: AsyncHwEl[0] | outputs: PostInferEl6AsyncHwEl(running in thread_id: 566961)
[2026-06-02 17:47:14.095] [566933] [HailoRT] [info] [pipeline.cpp:891] [print_deep_description] PostInferEl6AsyncHwEl | inputs: PushQEl6AsyncHwEl[0] | outputs: LastAsyncEl0PostInferEl6AsyncHwEl
[2026-06-02 17:47:14.095] [566933] [HailoRT] [info] [pipeline.cpp:891] [print_deep_description] LastAsyncEl0PostInferEl6AsyncHwEl | inputs: PostInferEl6AsyncHwEl[0] | outputs: user
[2026-06-02 17:47:14.095] [566933] [HailoRT] [info] [pipeline.cpp:891] [print_deep_description] LastAsyncEl7AsyncHwEl | inputs: AsyncHwEl[0] | outputs: user
[2026-06-02 17:47:14.095] [566933] [HailoRT] [info] [pipeline.cpp:891] [print_deep_description] LastAsyncEl8AsyncHwEl | inputs: AsyncHwEl[0] | outputs: user
[2026-06-02 17:47:14.583] [566951] [HailoRT] [info] [hef.cpp:1929] [get_network_group_and_network_name] No name was given. Addressing all networks of default network_group: scrfd_500m
[2026-06-02 17:47:24.408] [566933] [HailoRT] [info] [async_infer_runner.cpp:86] [shutdown] Pipeline was aborted. Shutting it down
[2026-06-02 17:47:24.408] [566933] [HailoRT] [info] [queue_elements.cpp:570] [execute_deactivate] enqueue() in element PushQEl0AsyncHwEl was aborted, got status = HAILO_SHUTDOWN_EVENT_SIGNALED(57)
[2026-06-02 17:47:24.408] [566933] [HailoRT] [info] [queue_elements.cpp:570] [execute_deactivate] enqueue() in element PushQEl1AsyncHwEl was aborted, got status = HAILO_SHUTDOWN_EVENT_SIGNALED(57)
[2026-06-02 17:47:24.408] [566933] [HailoRT] [info] [queue_elements.cpp:570] [execute_deactivate] enqueue() in element PushQEl2AsyncHwEl was aborted, got status = HAILO_SHUTDOWN_EVENT_SIGNALED(57)
[2026-06-02 17:47:24.408] [566933] [HailoRT] [info] [queue_elements.cpp:570] [execute_deactivate] enqueue() in element PushQEl5AsyncHwEl was aborted, got status = HAILO_SHUTDOWN_EVENT_SIGNALED(57)
[2026-06-02 17:47:24.408] [566933] [HailoRT] [info] [queue_elements.cpp:570] [execute_deactivate] enqueue() in element PushQEl6AsyncHwEl was aborted, got status = HAILO_SHUTDOWN_EVENT_SIGNALED(57)
[2026-06-02 17:47:24.408] [566933] [HailoRT] [info] [queue_elements.cpp:570] [execute_deactivate] enqueue() in element PushQEl3scrfd_500m/input_layer1 was aborted, got status = HAILO_SHUTDOWN_EVENT_SIGNALED(57)
[2026-06-02 17:47:24.408] [566933] [HailoRT] [info] [queue_elements.cpp:570] [execute_deactivate] enqueue() in element EntryPushQEl0scrfd_500m/input_layer1 was aborted, got status = HAILO_SHUTDOWN_EVENT_SIGNALED(57)
[2026-06-02 17:47:24.408] [566933] [HailoRT] [info] [queue_elements.cpp:46] [~BaseQueueElement] Queue element EntryPushQEl0scrfd_500m/input_layer1 has 0 frames in his Queue on destruction
[2026-06-02 17:47:24.408] [566933] [HailoRT] [info] [queue_elements.cpp:46] [~BaseQueueElement] Queue element PushQEl3scrfd_500m/input_layer1 has 0 frames in his Queue on destruction
[2026-06-02 17:47:24.409] [566933] [HailoRT] [info] [queue_elements.cpp:46] [~BaseQueueElement] Queue element PushQEl6AsyncHwEl has 0 frames in his Queue on destruction
[2026-06-02 17:47:24.409] [566933] [HailoRT] [info] [queue_elements.cpp:46] [~BaseQueueElement] Queue element PushQEl2AsyncHwEl has 0 frames in his Queue on destruction
[2026-06-02 17:47:24.409] [566933] [HailoRT] [info] [queue_elements.cpp:46] [~BaseQueueElement] Queue element PushQEl1AsyncHwEl has 0 frames in his Queue on destruction
[2026-06-02 17:47:24.409] [566933] [HailoRT] [info] [queue_elements.cpp:46] [~BaseQueueElement] Queue element PushQEl0AsyncHwEl has 0 frames in his Queue on destruction
[2026-06-02 17:47:24.409] [566933] [HailoRT] [info] [queue_elements.cpp:46] [~BaseQueueElement] Queue element PushQEl5AsyncHwEl has 0 frames in his Queue on destruction
[2026-06-03 11:05:18.593] [29503] [HailoRT] [info] [vdevice.cpp:523] [create] Creating vdevice with params: device_count: 1, scheduling_algorithm: ROUND_ROBIN, multi_process_service: false
[2026-06-03 11:05:18.614] [29503] [HailoRT] [info] [device.cpp:49] [Device] OS Version: Linux 6.12.87+rpt-rpi-2712 #1 SMP PREEMPT Debian 1:6.12.87-1+rpt1~bookworm (2026-05-12) aarch64
[2026-06-03 11:05:18.616] [29503] [HailoRT] [info] [control.cpp:108] [control__parse_identify_results] firmware_version is: 4.20.0
[2026-06-03 11:05:18.617] [29503] [HailoRT] [info] [vdevice.cpp:651] [create] VDevice Infos: 0001:01:00.0
[2026-06-03 11:05:18.688] [29503] [HailoRT] [info] [hef.cpp:1929] [get_network_group_and_network_name] No name was given. Addressing all networks of default network_group: scrfd_500m
[2026-06-03 11:05:18.688] [29503] [HailoRT] [info] [hef.cpp:1929] [get_network_group_and_network_name] No name was given. Addressing all networks of default network_group: scrfd_500m
[2026-06-03 11:05:18.715] [29503] [HailoRT] [info] [internal_buffer_manager.cpp:204] [print_execution_results] Planned internal buffer memory: CMA memory 0, user memory 1519104. memory to edge layer usage factor is 1
[2026-06-03 11:05:18.715] [29503] [HailoRT] [info] [internal_buffer_manager.cpp:212] [print_execution_results] Default Internal buffer planner executed successfully
[2026-06-03 11:05:18.727] [29503] [HailoRT] [info] [device_internal.cpp:57] [configure] Configuring HEF took 21.942612 milliseconds
[2026-06-03 11:05:18.727] [29503] [HailoRT] [info] [vdevice.cpp:749] [configure] Configuring HEF on VDevice took 22.70052 milliseconds
[2026-06-03 11:05:18.727] [29503] [HailoRT] [info] [infer_model.cpp:436] [configure] Configuring network group 'scrfd_500m' with params: batch size: 0, power mode: PERFORMANCE, latency: NONE
[2026-06-03 11:05:18.729] [29503] [HailoRT] [info] [multi_io_elements.cpp:756] [create] Created (AsyncHwEl)
[2026-06-03 11:05:18.730] [29503] [HailoRT] [info] [queue_elements.cpp:450] [create] Created (EntryPushQEl0scrfd_500m/input_layer1 | timeout: 10s)
[2026-06-03 11:05:18.730] [29503] [HailoRT] [info] [filter_elements.cpp:101] [create] Created (PreInferEl3scrfd_500m/input_layer1 | Reorder - src_order: RGB4, src_shape: (640, 640, 3), dst_order: NHWC, dst_shape: (640, 640, 3))
[2026-06-03 11:05:18.730] [29503] [HailoRT] [info] [queue_elements.cpp:450] [create] Created (PushQEl3scrfd_500m/input_layer1 | timeout: 10s)
[2026-06-03 11:05:18.730] [29503] [HailoRT] [info] [edge_elements.cpp:187] [create] Created (LastAsyncEl4AsyncHwEl)
[2026-06-03 11:05:18.730] [29503] [HailoRT] [info] [edge_elements.cpp:187] [create] Created (LastAsyncEl8AsyncHwEl)
[2026-06-03 11:05:18.730] [29503] [HailoRT] [info] [edge_elements.cpp:187] [create] Created (LastAsyncEl7AsyncHwEl)
[2026-06-03 11:05:18.730] [29503] [HailoRT] [info] [queue_elements.cpp:450] [create] Created (PushQEl6AsyncHwEl | timeout: 10s)
[2026-06-03 11:05:18.730] [29503] [HailoRT] [info] [filter_elements.cpp:375] [create] Created (PostInferEl6AsyncHwEl | Reorder - src_order: FCR, src_shape: (80, 80, 24), dst_order: FCR, dst_shape: (80, 80, 20))
[2026-06-03 11:05:18.730] [29503] [HailoRT] [info] [edge_elements.cpp:187] [create] Created (LastAsyncEl0PostInferEl6AsyncHwEl)
[2026-06-03 11:05:18.730] [29503] [HailoRT] [info] [edge_elements.cpp:187] [create] Created (LastAsyncEl3AsyncHwEl)
[2026-06-03 11:05:18.730] [29503] [HailoRT] [info] [queue_elements.cpp:450] [create] Created (PushQEl2AsyncHwEl | timeout: 10s)
[2026-06-03 11:05:18.730] [29503] [HailoRT] [info] [filter_elements.cpp:375] [create] Created (PostInferEl2AsyncHwEl | Reorder - src_order: FCR, src_shape: (40, 40, 24), dst_order: FCR, dst_shape: (40, 40, 20))
[2026-06-03 11:05:18.730] [29503] [HailoRT] [info] [edge_elements.cpp:187] [create] Created (LastAsyncEl0PostInferEl2AsyncHwEl)
[2026-06-03 11:05:18.730] [29503] [HailoRT] [info] [queue_elements.cpp:450] [create] Created (PushQEl1AsyncHwEl | timeout: 10s)
[2026-06-03 11:05:18.731] [29503] [HailoRT] [info] [filter_elements.cpp:375] [create] Created (PostInferEl1AsyncHwEl | Reorder - src_order: NHCW, src_shape: (20, 20, 8), dst_order: NHWC, dst_shape: (20, 20, 8))
[2026-06-03 11:05:18.731] [29503] [HailoRT] [info] [edge_elements.cpp:187] [create] Created (LastAsyncEl0PostInferEl1AsyncHwEl)
[2026-06-03 11:05:18.731] [29503] [HailoRT] [info] [queue_elements.cpp:450] [create] Created (PushQEl0AsyncHwEl | timeout: 10s)
[2026-06-03 11:05:18.731] [29503] [HailoRT] [info] [filter_elements.cpp:375] [create] Created (PostInferEl0AsyncHwEl | Reorder - src_order: NHCW, src_shape: (20, 20, 2), dst_order: NHWC, dst_shape: (20, 20, 2))
[2026-06-03 11:05:18.731] [29503] [HailoRT] [info] [edge_elements.cpp:187] [create] Created (LastAsyncEl0PostInferEl0AsyncHwEl)
[2026-06-03 11:05:18.731] [29503] [HailoRT] [info] [queue_elements.cpp:450] [create] Created (PushQEl5AsyncHwEl | timeout: 10s)
[2026-06-03 11:05:18.731] [29503] [HailoRT] [info] [filter_elements.cpp:375] [create] Created (PostInferEl5AsyncHwEl | Reorder - src_order: FCR, src_shape: (20, 20, 24), dst_order: FCR, dst_shape: (20, 20, 20))
[2026-06-03 11:05:18.731] [29503] [HailoRT] [info] [edge_elements.cpp:187] [create] Created (LastAsyncEl0PostInferEl5AsyncHwEl)
[2026-06-03 11:05:18.731] [29503] [HailoRT] [info] [pipeline.cpp:891] [print_deep_description] EntryPushQEl0scrfd_500m/input_layer1 | inputs: user | outputs: PreInferEl3scrfd_500m/input_layer1(running in thread_id: 29536)
[2026-06-03 11:05:18.732] [29503] [HailoRT] [info] [pipeline.cpp:891] [print_deep_description] PreInferEl3scrfd_500m/input_layer1 | inputs: EntryPushQEl0scrfd_500m/input_layer1[0] | outputs: PushQEl3scrfd_500m/input_layer1
[2026-06-03 11:05:18.732] [29503] [HailoRT] [info] [pipeline.cpp:891] [print_deep_description] PushQEl3scrfd_500m/input_layer1 | inputs: PreInferEl3scrfd_500m/input_layer1[0] | outputs: AsyncHwEl(running in thread_id: 29537)
[2026-06-03 11:05:18.732] [29503] [HailoRT] [info] [pipeline.cpp:891] [print_deep_description] AsyncHwEl | inputs: PushQEl3scrfd_500m/input_layer1[0] | outputs: PushQEl0AsyncHwEl PushQEl1AsyncHwEl PushQEl2AsyncHwEl LastAsyncEl3AsyncHwEl LastAsyncEl4AsyncHwEl PushQEl5AsyncHwEl PushQEl6AsyncHwEl LastAsyncEl7AsyncHwEl LastAsyncEl8AsyncHwEl
[2026-06-03 11:05:18.732] [29503] [HailoRT] [info] [pipeline.cpp:891] [print_deep_description] PushQEl0AsyncHwEl | inputs: AsyncHwEl[0] | outputs: PostInferEl0AsyncHwEl(running in thread_id: 29542)
[2026-06-03 11:05:18.732] [29503] [HailoRT] [info] [pipeline.cpp:891] [print_deep_description] PostInferEl0AsyncHwEl | inputs: PushQEl0AsyncHwEl[0] | outputs: LastAsyncEl0PostInferEl0AsyncHwEl
[2026-06-03 11:05:18.732] [29503] [HailoRT] [info] [pipeline.cpp:891] [print_deep_description] LastAsyncEl0PostInferEl0AsyncHwEl | inputs: PostInferEl0AsyncHwEl[0] | outputs: user
[2026-06-03 11:05:18.732] [29503] [HailoRT] [info] [pipeline.cpp:891] [print_deep_description] PushQEl1AsyncHwEl | inputs: AsyncHwEl[0] | outputs: PostInferEl1AsyncHwEl(running in thread_id: 29540)
[2026-06-03 11:05:18.732] [29503] [HailoRT] [info] [pipeline.cpp:891] [print_deep_description] PostInferEl1AsyncHwEl | inputs: PushQEl1AsyncHwEl[0] | outputs: LastAsyncEl0PostInferEl1AsyncHwEl
[2026-06-03 11:05:18.732] [29503] [HailoRT] [info] [pipeline.cpp:891] [print_deep_description] LastAsyncEl0PostInferEl1AsyncHwEl | inputs: PostInferEl1AsyncHwEl[0] | outputs: user
[2026-06-03 11:05:18.732] [29503] [HailoRT] [info] [pipeline.cpp:891] [print_deep_description] PushQEl2AsyncHwEl | inputs: AsyncHwEl[0] | outputs: PostInferEl2AsyncHwEl(running in thread_id: 29539)
[2026-06-03 11:05:18.732] [29503] [HailoRT] [info] [pipeline.cpp:891] [print_deep_description] PostInferEl2AsyncHwEl | inputs: PushQEl2AsyncHwEl[0] | outputs: LastAsyncEl0PostInferEl2AsyncHwEl
[2026-06-03 11:05:18.732] [29503] [HailoRT] [info] [pipeline.cpp:891] [print_deep_description] LastAsyncEl0PostInferEl2AsyncHwEl | inputs: PostInferEl2AsyncHwEl[0] | outputs: user
[2026-06-03 11:05:18.732] [29503] [HailoRT] [info] [pipeline.cpp:891] [print_deep_description] LastAsyncEl3AsyncHwEl | inputs: AsyncHwEl[0] | outputs: user
[2026-06-03 11:05:18.732] [29503] [HailoRT] [info] [pipeline.cpp:891] [print_deep_description] LastAsyncEl4AsyncHwEl | inputs: AsyncHwEl[0] | outputs: user
[2026-06-03 11:05:18.732] [29503] [HailoRT] [info] [pipeline.cpp:891] [print_deep_description] PushQEl5AsyncHwEl | inputs: AsyncHwEl[0] | outputs: PostInferEl5AsyncHwEl(running in thread_id: 29543)
[2026-06-03 11:05:18.732] [29503] [HailoRT] [info] [pipeline.cpp:891] [print_deep_description] PostInferEl5AsyncHwEl | inputs: PushQEl5AsyncHwEl[0] | outputs: LastAsyncEl0PostInferEl5AsyncHwEl
[2026-06-03 11:05:18.732] [29503] [HailoRT] [info] [pipeline.cpp:891] [print_deep_description] LastAsyncEl0PostInferEl5AsyncHwEl | inputs: PostInferEl5AsyncHwEl[0] | outputs: user
[2026-06-03 11:05:18.732] [29503] [HailoRT] [info] [pipeline.cpp:891] [print_deep_description] PushQEl6AsyncHwEl | inputs: AsyncHwEl[0] | outputs: PostInferEl6AsyncHwEl(running in thread_id: 29538)
[2026-06-03 11:05:18.732] [29503] [HailoRT] [info] [pipeline.cpp:891] [print_deep_description] PostInferEl6AsyncHwEl | inputs: PushQEl6AsyncHwEl[0] | outputs: LastAsyncEl0PostInferEl6AsyncHwEl
[2026-06-03 11:05:18.732] [29503] [HailoRT] [info] [pipeline.cpp:891] [print_deep_description] LastAsyncEl0PostInferEl6AsyncHwEl | inputs: PostInferEl6AsyncHwEl[0] | outputs: user
[2026-06-03 11:05:18.732] [29503] [HailoRT] [info] [pipeline.cpp:891] [print_deep_description] LastAsyncEl7AsyncHwEl | inputs: AsyncHwEl[0] | outputs: user
[2026-06-03 11:05:18.732] [29503] [HailoRT] [info] [pipeline.cpp:891] [print_deep_description] LastAsyncEl8AsyncHwEl | inputs: AsyncHwEl[0] | outputs: user
[2026-06-03 11:05:19.045] [29528] [HailoRT] [info] [hef.cpp:1929] [get_network_group_and_network_name] No name was given. Addressing all networks of default network_group: scrfd_500m
[2026-06-03 11:05:27.646] [29503] [HailoRT] [info] [async_infer_runner.cpp:86] [shutdown] Pipeline was aborted. Shutting it down
[2026-06-03 11:05:27.646] [29503] [HailoRT] [info] [queue_elements.cpp:570] [execute_deactivate] enqueue() in element PushQEl0AsyncHwEl was aborted, got status = HAILO_SHUTDOWN_EVENT_SIGNALED(57)
[2026-06-03 11:05:27.646] [29503] [HailoRT] [info] [queue_elements.cpp:570] [execute_deactivate] enqueue() in element PushQEl1AsyncHwEl was aborted, got status = HAILO_SHUTDOWN_EVENT_SIGNALED(57)
[2026-06-03 11:05:27.646] [29503] [HailoRT] [info] [queue_elements.cpp:570] [execute_deactivate] enqueue() in element PushQEl2AsyncHwEl was aborted, got status = HAILO_SHUTDOWN_EVENT_SIGNALED(57)
[2026-06-03 11:05:27.646] [29503] [HailoRT] [info] [queue_elements.cpp:570] [execute_deactivate] enqueue() in element PushQEl5AsyncHwEl was aborted, got status = HAILO_SHUTDOWN_EVENT_SIGNALED(57)
[2026-06-03 11:05:27.646] [29503] [HailoRT] [info] [queue_elements.cpp:570] [execute_deactivate] enqueue() in element PushQEl6AsyncHwEl was aborted, got status = HAILO_SHUTDOWN_EVENT_SIGNALED(57)
[2026-06-03 11:05:27.646] [29503] [HailoRT] [info] [queue_elements.cpp:570] [execute_deactivate] enqueue() in element PushQEl3scrfd_500m/input_layer1 was aborted, got status = HAILO_SHUTDOWN_EVENT_SIGNALED(57)
[2026-06-03 11:05:27.646] [29503] [HailoRT] [info] [queue_elements.cpp:570] [execute_deactivate] enqueue() in element EntryPushQEl0scrfd_500m/input_layer1 was aborted, got status = HAILO_SHUTDOWN_EVENT_SIGNALED(57)
[2026-06-03 11:05:27.646] [29503] [HailoRT] [info] [queue_elements.cpp:46] [~BaseQueueElement] Queue element EntryPushQEl0scrfd_500m/input_layer1 has 0 frames in his Queue on destruction
[2026-06-03 11:05:27.646] [29503] [HailoRT] [info] [queue_elements.cpp:46] [~BaseQueueElement] Queue element PushQEl3scrfd_500m/input_layer1 has 0 frames in his Queue on destruction
[2026-06-03 11:05:27.647] [29503] [HailoRT] [info] [queue_elements.cpp:46] [~BaseQueueElement] Queue element PushQEl6AsyncHwEl has 0 frames in his Queue on destruction
[2026-06-03 11:05:27.647] [29503] [HailoRT] [info] [queue_elements.cpp:46] [~BaseQueueElement] Queue element PushQEl2AsyncHwEl has 0 frames in his Queue on destruction
[2026-06-03 11:05:27.647] [29503] [HailoRT] [info] [queue_elements.cpp:46] [~BaseQueueElement] Queue element PushQEl1AsyncHwEl has 0 frames in his Queue on destruction
[2026-06-03 11:05:27.647] [29503] [HailoRT] [info] [queue_elements.cpp:46] [~BaseQueueElement] Queue element PushQEl0AsyncHwEl has 0 frames in his Queue on destruction
[2026-06-03 11:05:27.647] [29503] [HailoRT] [info] [queue_elements.cpp:46] [~BaseQueueElement] Queue element PushQEl5AsyncHwEl has 0 frames in his Queue on destruction
